// Jest Snapshot v1, https://goo.gl/fbAQLP

exports[`PetIdCard match Snapshot 1`] = `
"<div class=\\"pet-id-card\\">
  <div class=\\"id-card-container\\">
    <div class=\\"peco-title\\">
      common.peco_title
    </div>
    <div class=\\"id-edit\\" style=\\"display: none;\\"><button class=\\"id-edit__button\\">
        common.button.edit
      </button></div>
    <h4 class=\\"pet-name font-weight-400 mt-26\\"><span>ゆき</span> <span class=\\"pet-gender\\">common.kun</span></h4>
    <div class=\\"id-card__pet-info-container\\">
      <div class=\\"pet-info-grid\\">
        <div class=\\"info-row\\">
          <div class=\\"card-icon\\"><i class=\\"icon-fonts icon-fonts--cake\\"></i></div>
          <div>
            2018.01
          </div>
        </div>
        <div class=\\"info-row\\">
          <div class=\\"card-icon\\"><i class=\\"icon-fonts icon-fonts--dog-foot\\"></i></div>
          <div>
            柴
          </div>
        </div>
        <div class=\\"info-row\\">
          <div class=\\"card-icon\\"><i class=\\"icon-fonts icon-fonts--paper\\"></i></div>
          <div>
            50common.compens_rate
          </div>
        </div>
        <div class=\\"info-row\\"><img src=\\"~/assets/images/logo/2line_bg_white.svg\\" height=\\"36\\" class=\\"card-logo\\"></div>
      </div>
      <div class=\\"no-image-container\\"><img src=\\"~/assets/images/icon-dog.svg\\" class=\\"no-image\\"></div>
    </div>
  </div>
</div>"
`;
