// Jest Snapshot v1, https://goo.gl/fbAQLP

exports[`PageTitle match Snapshot 1`] = `
"<div class=\\"page-title\\">
  <div class=\\"page-title__wrapper container\\">
    <!---->
    <div class=\\"page-title__text\\">
      Test title
    </div>
  </div>
</div>"
`;
