// Jest Snapshot v1, https://goo.gl/fbAQLP

exports[`stepProgress match Snapshot 1`] = `
"<div class=\\"step-progress-bar\\">
  <div class=\\"head-progress\\">
    <div class=\\"step\\">
      <div class=\\"step__text\\">
        <div class=\\"step__text-count\\">
          1
        </div>
        <div class=\\"step__text-title\\">
          うちの子情報
        </div>
      </div> <svg class=\\"step-arrow \\">
        <path d=\\"M0,0 L10,15 a0,0 0 0,1 0,2 l-10,16\\" class=\\"border\\"></path>
      </svg>
    </div>
    <div class=\\"step step__current\\">
      <div class=\\"step__text\\">
        <div class=\\"step__text-count\\">
          2
        </div>
        <div class=\\"step__text-title\\">
          プラン選択
        </div>
      </div> <svg class=\\"step-arrow \\">
        <path d=\\"M0,0 L10,15 a0,0 0 0,1 0,2 l-10,16\\" class=\\"border\\"></path>
      </svg>
    </div>
    <div class=\\"step\\">
      <div class=\\"step__text\\">
        <div class=\\"step__text-count\\">
          3
        </div>
        <div class=\\"step__text-title\\">
          飼い主情報の入力
        </div>
      </div> <svg class=\\"step-arrow \\">
        <path d=\\"M0,0 L10,15 a0,0 0 0,1 0,2 l-10,16\\" class=\\"border\\"></path>
      </svg>
    </div>
    <div class=\\"step\\">
      <div class=\\"step__text\\">
        <div class=\\"step__text-count\\">
          4
        </div>
        <div class=\\"step__text-title\\">
          うちの子情報
        </div>
      </div> <svg class=\\"step-arrow \\">
        <path d=\\"M0,0 L10,15 a0,0 0 0,1 0,2 l-10,16\\" class=\\"border\\"></path>
      </svg>
    </div>
  </div>
</div>"
`;
